Subscribing to aeron:ipc on stream id 1001
Received 1000000 messages.
min=0 ns
p50=400 ns
p90=491519 ns
p99=1370111 ns
p99.9=1524735 ns
p99.99=1544191 ns
max=1548287 ns
       Value     Percentile TotalCount 1/(1-Percentile)

       0.000 0.000000000000        801           1.00
     200.000 0.100000000000     223100           1.11
     200.000 0.200000000000     223100           1.25
     300.000 0.300000000000     370821           1.43
     400.000 0.400000000000     540018           1.67
     400.000 0.500000000000     540018           2.00
     500.000 0.550000000000     681425           2.22
     500.000 0.600000000000     681425           2.50
     500.000 0.650000000000     681425           2.86
     700.000 0.700000000000     704765           3.33
    3001.000 0.750000000000     751962           4.00
    4903.000 0.775000000000     775173           4.44
   11503.000 0.800000000000     800142           5.00
   21103.000 0.825000000000     825047           5.71
   55807.000 0.850000000000     850005           6.67
  355839.000 0.875000000000     875017           8.00
  445439.000 0.887500000000     887582           8.89
  491519.000 0.900000000000     900032          10.00
  655871.000 0.912500000000     912553          11.43
  754175.000 0.925000000000     925083          13.33
  911359.000 0.937500000000     937553          16.00
  983039.000 0.943750000000     943799          17.78
 1033727.000 0.950000000000     950000          20.00
 1082367.000 0.956250000000     956352          22.86
 1154047.000 0.962500000000     962628          26.67
 1216511.000 0.968750000000     968790          32.00
 1241087.000 0.971875000000     971961          35.56
 1259519.000 0.975000000000     975088          40.00
 1289215.000 0.978125000000     978164          45.71
 1316863.000 0.981250000000     981349          53.33
 1335295.000 0.984375000000     984454          64.00
 1344511.000 0.985937500000     986047          71.11
 1355775.000 0.987500000000     987641          80.00
 1362943.000 0.989062500000     989207          91.43
 1374207.000 0.990625000000     990755         106.67
 1383423.000 0.992187500000     992211         128.00
 1387519.000 0.992968750000     993159         142.22
 1390591.000 0.993750000000     994009         160.00
 1393663.000 0.994531250000     994534         182.86
 1406975.000 0.995312500000     995440         213.33
 1457151.000 0.996093750000     996107         256.00
 1464319.000 0.996484375000     996505         284.44
 1478655.000 0.996875000000     996903         320.00
 1487871.000 0.997265625000     997310         365.71
 1492991.000 0.997656250000     997666         426.67
 1506303.000 0.998046875000     998078         512.00
 1509375.000 0.998242187500     998253         568.89
 1511423.000 0.998437500000     998563         640.00
 1514495.000 0.998632812500     998663         731.43
 1519615.000 0.998828125000     998841         853.33
 1525759.000 0.999023437500     999039        1024.00
 1528831.000 0.999121093750     999137        1137.78
 1530879.000 0.999218750000     999261        1280.00
 1531903.000 0.999316406250     999432        1462.86
 1531903.000 0.999414062500     999432        1706.67
 1532927.000 0.999511718750     999550        2048.00
 1533951.000 0.999560546875     999586        2275.56
 1534975.000 0.999609375000     999614        2560.00
 1537023.000 0.999658203125     999682        2925.71
 1538047.000 0.999707031250     999717        3413.33
 1540095.000 0.999755859375     999780        4096.00
 1541119.000 0.999780273438     999823        4551.11
 1541119.000 0.999804687500     999823        5120.00
 1542143.000 0.999829101563     999859        5851.43
 1542143.000 0.999853515625     999859        6826.67
 1543167.000 0.999877929688     999890        8192.00
 1544191.000 0.999890136719     999927        9102.22
 1544191.000 0.999902343750     999927       10240.00
 1544191.000 0.999914550781     999927       11702.86
 1544191.000 0.999926757813     999927       13653.33
 1545215.000 0.999938964844     999975       16384.00
 1545215.000 0.999945068359     999975       18204.44
 1545215.000 0.999951171875     999975       20480.00
 1545215.000 0.999957275391     999975       23405.71
 1545215.000 0.999963378906     999975       27306.67
 1545215.000 0.999969482422     999975       32768.00
 1545215.000 0.999972534180     999975       36408.89
 1546239.000 0.999975585938     999998       40960.00
 1546239.000 0.999978637695     999998       46811.43
 1546239.000 0.999981689453     999998       54613.33
 1546239.000 0.999984741211     999998       65536.00
 1546239.000 0.999986267090     999998       72817.78
 1546239.000 0.999987792969     999998       81920.00
 1546239.000 0.999989318848     999998       93622.86
 1546239.000 0.999990844727     999998      109226.67
 1546239.000 0.999992370605     999998      131072.00
 1546239.000 0.999993133545     999998      145635.56
 1546239.000 0.999993896484     999998      163840.00
 1546239.000 0.999994659424     999998      187245.71
 1546239.000 0.999995422363     999998      218453.33
 1546239.000 0.999996185303     999998      262144.00
 1546239.000 0.999996566772     999998      291271.11
 1546239.000 0.999996948242     999998      327680.00
 1546239.000 0.999997329712     999998      374491.43
 1546239.000 0.999997711182     999998      436906.67
 1547263.000 0.999998092651     999999      524288.00
 1547263.000 0.999998283386     999999      582542.22
 1547263.000 0.999998474121     999999      655360.00
 1547263.000 0.999998664856     999999      748982.86
 1547263.000 0.999998855591     999999      873813.33
 1548287.000 0.999999046326    1000000     1048576.00
 1548287.000 1.000000000000    1000000
#[Mean    =   120069.293, StdDeviation   =   319965.812]
#[Max     =  1548287.000, Total count    =      1000000]
#[Buckets =           26, SubBuckets     =         2048]
Results written to C:\Users\NL\Desktop\NEW BINANCE\cpp\public-repo\cpp\evidence\10-latency-elite\FASE3\aeron-ipc\aeron_ipc_results.json

===== STDERR =====

