stop.request written after virtual day 30
{
    "terminal_status":  "PASS",
    "verified_epochs":  53,
    "terminal_sha256":  "85F633CE9E4E29362BA81B5202F103167D7AD9ABC820A704BC1B36FAF9905901",
    "schema":  "ContinuousServiceGateV1",
    "phase":  "clean-scheduler",
    "binary_hashes":  {
                          "hot_redundant_capture.exe":  "39E65006D2EEEBC0B50ACFEC5300021F2A3D66BD7957D1856A19B25676BAB857",
                          "hot_redundant_verify.exe":  "D7EB9E60C360C8737A33D09917AE47610BB3B0D2BD50F4AA3BCB3E5CF8C0B4D3",
                          "kernel_network_trace.exe":  "9E1C60135CE14E20993AE6A1AB7071B2D815A5A8B656989581FF82E8D835EEC5",
                          "live_arbitration.exe":  "14581FFED77B553484DA9DC7678E77789862DEA54EA36A0EA4DC80CF7EDCFDF5",
                          "live_arbitration_verify.exe":  "39A07759432D815D2746BF82DA75D0F6D36A065010C430916E767A494729B6D9"
                      },
    "run_root":  "C:\\Users\\NL\\Desktop\\NEW BINANCE\\Binance\\artifacts\\hsc\\hrs-038af0b6e5d6",
    "milestones":  [
                       1,
                       2,
                       3,
                       4,
                       5,
                       6,
                       7,
                       8,
                       9,
                       10,
                       11,
                       12,
                       13,
                       14,
                       15,
                       16,
                       17,
                       18,
                       19,
                       20,
                       21,
                       22,
                       23,
                       24,
                       25,
                       26,
                       27,
                       28,
                       29,
                       30
                   ],
    "renewals":  {
                     "BTCUSDT":  27,
                     "ETHUSDT":  27
                 },
    "sealed_segments":  {
                            "BTCUSDT":  27,
                            "ETHUSDT":  27
                        },
    "verified_segments":  {
                              "BTCUSDT":  27,
                              "ETHUSDT":  27
                          },
    "outer_gaps":  0,
    "arbiter_early_exits":  0,
    "wall_seconds":  1744.8,
    "launcher_exit_code":  0,
    "launcher_exit_marker":  0,
    "errors":  [

               ],
    "verified":  true
}
